MAP
#
# Start of map file - created 2009-07-09 - 02:09:46
#
NAME 'cat_br'
STATUS ON

PROJECTION
     	'init=epsg:32720'
#	    'init=epsg:4326'		
END

SIZE   600 600
#EXTENT 270250 7647400 271850 7650700
EXTENT 184846 7647725 189046 7650725
UNITS  meters
#EXTENT -63.72 -17.3 -63.71 -17.29
#UNITS  dd

SYMBOLSET 'c:/apache/cat_br/mapa/symbols/symbset.sym'
FONTSET   'c:/apache/cat_br/mapa/fonts/fonts.fnt'


#
# Start of web interface definition
#
WEB
 LOG cat_br.log
# TEMPLATE cat_br.html
 IMAGEPATH 'c:/apache/htdocs/tmp/'
 IMAGEURL 'http://localhost/tmp/'
 EMPTY 'http://localhost/catastro_br/nada.html'
 MINSCALEDENOM 500
 MAXSCALEDENOM 20000

 METADATA
  WMS_ONLINERESOURCE 'http://localhost/cgi-bin/mapserv.exe?map=c:/apache/cat_br/mapa/cat_br.map'
  WMS_SRS 'epsg:32720'
  WMS_ACCESSCONSTRAINTS 'none'
  WMS_TITLE 'Catastro Buen Retiro'
  WMS_FEATURE_INFO_MIME_TYPE 'text/html'
  WMS_ABSTRACT 'Catastro Buen Retiro'
 END  #METADATA

END  #HEADER

OUTPUTFORMAT
  NAME 'png24'
	DRIVER 'GD/PNG'
	MIMETYPE 'image/png'
	IMAGEMODE RGBA
	TRANSPARENT ON
	EXTENSION 'png'
	FORMATOPTION 'QUALITY=100'
END

#----------------------------------------------------------- MAPA EN TEMPLATE DE CONSULTA
QUERYMAP
  SIZE 150 150
  STATUS OFF #ON
  STYLE HILITE
  COLOR 255 0 0
END
#----------------------------------------------------------- MAPA EN TEMPLATE DE CONSULTA
#----------------------------------------------------------- MAPA DE UBICACION
REFERENCE
  STATUS OFF
  IMAGE datos/reference.png
  SIZE 60 60
  EXTENT 185844 7647725 188498 7650725
  COLOR -1 -1 -1
  OUTLINECOLOR 255 0 0
END  #REFERENCE
#----------------------------------------------------------- MAPA DE UBICACION
#----------------------------------------------------------- LEYENDA
LEGEND
  STATUS OFF
  KEYSIZE 16 8
  TEMPLATE 'leyenda.html'
  LABEL
    COLOR 120 120 120
  END # ENDE LABEL
END   #LEGEND
#----------------------------------------------------------- LEYENDA
#----------------------------------------------------------- BARRA DE ESCALA
SCALEBAR
 STATUS OFF
 POSITION lr
 STYLE 0
 INTERVALS 4
 IMAGECOLOR 255 255 255
 LABEL
  COLOR 0 0 0
  SIZE SMALL
 END  #ENDE LABEL
 SIZE 200 3
 TRANSPARENT ON
 COLOR 0 0 0
 BACKGROUNDCOLOR 255 255 255
 OUTLINECOLOR 100 100 100
 UNITS METERS
END   #SCALEBAR
#----------------------------------------------------------- BARRA DE ESCALA
#
# Start of layer definitions #
#
#----------------------------------------------------------- U.V.s
LAYER
  CONNECTIONTYPE postgis
  NAME 'UVs'
  GROUP 'Manzanos'
	CONNECTION 'user=postgres password=qwert dbname=cat_buenretiro host=localhost'
  DATA 'the_geom from manzanos USING UNIQUE oid'
  STATUS ON
  TYPE Polygon
	TEMPLATE 'query_manzanos.html'
  METADATA
    WMS_SRS 'epsg:32720'
    WMS_TITLE 'UVs'
    WMS_GROUP_TITLE 'Manzanos'
    WMS_FEATURE_INFO_MIME_TYPE 'text/html'
  END

PROJECTION
     	'init=epsg:32720'
END

    CLASSITEM 'cod_uv'

      CLASS
       NAME 'UV 1: 24 de Septiembre'
			 EXPRESSION '1'
			 STYLE
			    #SYMBOL 'circle'
          COLOR 192 252 255
          OUTLINECOLOR 0 0 153 #40 40 40
			    SIZE 2
			 END
      END  # CLASS
      
			CLASS
       NAME 'UV 2: Las Mercedes'
			 EXPRESSION '2'
			 STYLE
			    #SYMBOL 'circle'
          COLOR 155 255 155
          OUTLINECOLOR 0 0 153 #40 40 40
			    SIZE 2
			 END
      END  # CLASS
			
			CLASS
       NAME 'UV 3: Los Totaices'
			 EXPRESSION '3'
			 STYLE
			    #SYMBOL 'circle'
          COLOR 193 193 193
          OUTLINECOLOR 0 0 153 #40 40 40
			    SIZE 2
			 END
			END  # CLASS	 
			 
			CLASS
       NAME 'UV 4: 1ro de Mayo'
			 EXPRESSION '4'
			 STYLE
			    #SYMBOL 'circle'
          COLOR 230 230 203
          OUTLINECOLOR 0 0 153 #40 40 40
			    SIZE 2
			 END		 
      END  # CLASS		
			
		  CLASS
       NAME 'UV 5: San Jose'
			 EXPRESSION '5'
			 STYLE
			    #SYMBOL 'circle'
          COLOR 255 249 165
          OUTLINECOLOR 0 0 153 #40 40 40
			    SIZE 2
			 END
			END  # CLASS	
			
			  CLASS
       NAME 'UV 6: El Carmen'
			 EXPRESSION '6'
			 STYLE
			    #SYMBOL 'circle'
          COLOR 255 199 174
          OUTLINECOLOR 0 0 153 #40 40 40
			    SIZE 2
			 END
			END  # CLASS	
			
		  CLASS
       NAME 'UV 7: Barrio Nuevo'
			 EXPRESSION '7'
			 STYLE
			    #SYMBOL 'circle'
          COLOR 183 223 134
          OUTLINECOLOR 0 0 153 #40 40 40
			    SIZE 2
			 END
			END  # CLASS	
			
		  CLASS
       NAME 'UV 8: Maria Aux.'
			 EXPRESSION '8'
			 STYLE
			    #SYMBOL 'circle'
          COLOR 156 157 220
          OUTLINECOLOR 0 0 153 #40 40 40
			    SIZE 2
			 END
			END  # CLASS									
			 	 											
		  CLASS
			 EXPRESSION /./
			 STYLE
			    #SYMBOL 'circle'
          COLOR 255 255 215
          OUTLINECOLOR 0 0 153 #40 40 40
			    SIZE 2
			 END
			END  # CLASS	
			 
END  # END OF LAYERFILE		
#----------------------------------------------------------- U.V.s
#----------------------------------------------------------- Manzano-Anotation
LAYER  # START OF ANNOTATION LAYERFILE
  CONNECTIONTYPE postgis
  NAME 'manzanos_anot'
	GROUP 'Manzanos'
	CONNECTION 'user=postgres password=qwert dbname=cat_buenretiro host=localhost'
  DATA 'the_geom from manzanos USING UNIQUE oid'
  STATUS ON
  TYPE ANNOTATION
METADATA
 WMS_SRS 'epsg:32720'
 WMS_TITLE 'manzanos_anot'
 WMS_GROUP_TITLE 'Manzanos'
 WMS_FEATURE_INFO_MIME_TYPE 'text/html'
END

 MINSCALE 100
 MAXSCALE 10000

PROJECTION
     	'init=epsg:32720'			
END

  CLASSITEM 'cod_man'
  LABELITEM 'cod_man'		 
		CLASS
     NAME 'Predios'
     EXPRESSION /./
      LABEL
       TYPE TRUETYPE
       FONT arial
       SIZE 13
       ANGLE 0
       COLOR 100 100 100
       BUFFER 2
			 OFFSET 1 1
       #BACKGROUNDCOLOR 0 0 0
			 # OUTLINECOLOR 0 0 0
       POSITION cc
       PARTIALS TRUE
			 FORCE TRUE
			 ANTIALIAS TRUE
      END
     END  # CLASS
		 
END  # END OF LAYERFILE
#----------------------------------------------------------- Manzano-Anotation
#----------------------------------------------------------- Predios
LAYER
  CONNECTIONTYPE postgis
  NAME 'predios'
	GROUP 'Predios'
	CONNECTION 'user=postgres password=qwert dbname=cat_buenretiro host=localhost'
  DATA 'the_geom from predios USING UNIQUE oid'	
  STATUS OFF
  TYPE Polygon
  TEMPLATE 'catbr_query_predios.htm'
METADATA
 'WMS_SRS' 'epsg:32720'
 WMS_TITLE 'Predios'
 WMS_GROUP_TITLE 'Predios'
 WMS_FEATURE_INFO_MIME_TYPE 'text/html'
END

PROJECTION
     	'init=epsg:32720'
END

  CLASSITEM 'activo'

      CLASS
       NAME 'Delimitación'
			 EXPRESSION '1'
			 STYLE
			    SYMBOL 'circle'
          COLOR -1 -1 -1
          OUTLINECOLOR 0 0 153 #40 40 40
			    SIZE 1
			 END
      END  # CLASS

END  # END OF LAYERFILE
#----------------------------------------------------------- Predios
#----------------------------------------------------------- Predios-Anotación
LAYER
  DEBUG ON
  CONNECTIONTYPE postgis
  NAME 'predios'
	GROUP 'Predios'
	CONNECTION 'user=postgres password=qwert dbname=cat_buenretiro host=localhost'
  DATA 'the_geom from predios USING UNIQUE oid'	
  STATUS OFF
  TYPE ANNOTATION
METADATA
 'WMS_SRS' 'epsg:32720'
 WMS_TITLE 'Predios'
 WMS_GROUP_TITLE 'Predios'
 WMS_FEATURE_INFO_MIME_TYPE 'text/html'
END

PROJECTION
     	'init=epsg:32720'
END

  MINSCALE 100
	MAXSCALE 2500
	CLASSITEM 'cod_pred'
	LABELITEM 'cod_pred'

      CLASS
			NAME 'Código Catastral'
      EXPRESSION /./
         LABEL
           TYPE TRUETYPE
           FONT bluehigh
           SIZE 11
           ANGLE 0
           COLOR 0 0 153 #40 40 40
           BUFFER -1
           POSITION cc
           PARTIALS FALSE
			     FORCE TRUE
         END
      END
END  # END OF LAYERFILE
#----------------------------------------------------------- Predios-Anotación
#----------------------------------------------------------- Edificaciones
LAYER
  CONNECTIONTYPE postgis
  NAME 'edificaciones'
	GROUP 'Predios'
	CONNECTION 'user=postgres password=qwert dbname=cat_buenretiro host=localhost'
  DATA 'the_geom from edificaciones USING UNIQUE oid'	
  STATUS ON
  TYPE Polygon
METADATA
 'WMS_SRS' 'epsg:32720'
 WMS_TITLE 'Edificaciones'
 WMS_GROUP_TITLE 'Predios'
 WMS_FEATURE_INFO_MIME_TYPE 'text/html'
END

PROJECTION
     	'init=epsg:32720'
END

MINSCALE 100
MAXSCALE 1500

  CLASSITEM 'cod_cat'

      CLASS
       NAME 'Edificaciones'	 
		  STYLE
			    SYMBOL 'circle'
          COLOR -1 -1 -1
          OUTLINECOLOR 0 153 0 #40 40 40
			    SIZE 1
			 END
      END  # CLASS

END  # END OF LAYERFILE
#----------------------------------------------------------- Edificaciones
#----------------------------------------------------------- Edificaciones-Anotación
LAYER
  CONNECTIONTYPE postgis
  NAME 'edificiones'
	GROUP 'Predios'
	CONNECTION 'user=postgres password=qwert dbname=cat_buenretiro host=localhost'
  DATA 'the_geom from edificaciones USING UNIQUE oid'	
  STATUS ON
  TYPE ANNOTATION
METADATA
 'WMS_SRS' 'epsg:32720'
 WMS_TITLE 'Edificaciones'
 WMS_GROUP_TITLE 'Predios'
 WMS_FEATURE_INFO_MIME_TYPE 'text/html'
END

PROJECTION
     	'init=epsg:32720'
END

MINSCALE 100
MAXSCALE 1500

	CLASSITEM 'edi_num'
	LABELITEM 'edi_num'

      CLASS
			NAME 'No. de Edificación'
      EXPRESSION /./
         LABEL
           TYPE TRUETYPE
           FONT bluehigh
           SIZE 9
           ANGLE 0
           COLOR 0 153 0 #40 40 40
           BUFFER -1
           POSITION cc
           PARTIALS FALSE
			     FORCE TRUE
         END
      END
END  # END OF LAYERFILE
#----------------------------------------------------------- Edificaciones-Anotación
#----------------------------------------------------------- Objetos_Linea
LAYER
  CONNECTIONTYPE postgis 
  NAME 'objetos_linea'
	GROUP 'Lineas'
	STATUS ON
	CONNECTION 'user=postgres password=qwert dbname=cat_buenretiro host=localhost'
  DATA 'the_geom from objetos_linea USING UNIQUE oid'
  TYPE LINE
METADATA
 WMS_SRS 'epsg:32720'
 WMS_TITLE 'objetos_linea'
 WMS_GROUP_TITLE 'Lineas'
 WMS_FEATURE_INFO_MIME_TYPE 'text/html'
END
	
PROJECTION
     	'init=epsg:32720'
END	

 CLASSITEM 'id'
	
	CLASS 
    NAME 'Plaza'
		EXPRESSION '15'               
		STYLE
		  SYMBOL 'linea'
      COLOR 150 150 150
	    SIZE 1
	  END
	END # end_of_class  
	CLASS 
    NAME 'Canal'
		EXPRESSION '25'               
		STYLE
		  SYMBOL 'linea'
      COLOR 0 0 155
	    SIZE 1
	  END
	END # end_of_class 
	CLASS 
    NAME 'Límite urbáno'
		EXPRESSION '35'               
		STYLE
		  SYMBOL 'linea'
      COLOR 0 0 0
	    SIZE 1
	  END
	END # end_of_class 
END # end of layer object
#----------------------------------------------------------- Objetos_Linea
#----------------------------------------------------------- Objetos
LAYER
  CONNECTIONTYPE postgis
  NAME 'objetos'
	GROUP 'Elementos especiales'
	CONNECTION 'user=postgres password=qwert dbname=cat_buenretiro host=localhost'
  DATA 'the_geom from objetos USING UNIQUE oid'
  STATUS ON
  TYPE POINT
	
	METADATA
  WMS_SRS 'epsg:32720'
  WMS_TITLE 'objetos'
	WMS_GROUP_TITLE 'Objetos'
  WMS_FEATURE_INFO_MIME_TYPE 'text/html'
  END

 PROJECTION
      	'init=epsg:32720'
 END
   #MINSCALE 1000
   #SYMBOLSCALE 1000
	 CLASSITEM 'id'
   TRANSPARENCY 1000
	  
		CLASS
      NAME 'Horno'
      EXPRESSION '10'
      STYLE
        SYMBOL 'horno'
      END
    END  # END_OF_CLASS	
		CLASS
      NAME 'Letrina'
      EXPRESSION '20'
      STYLE
        SYMBOL 'letrina'
      END
    END  # END_OF_CLASS	
		CLASS
      NAME 'Medidor de Agua'
      EXPRESSION '30'
      STYLE
        SYMBOL 'meda'
      END
    END  # END_OF_CLASS
		CLASS
      NAME 'Noria'
      EXPRESSION '40'
      STYLE
        SYMBOL 'noria'
      END
    END  # END_OF_CLASS
		CLASS
      NAME 'Antena'
      EXPRESSION '50'
      STYLE
        SYMBOL 'antena'
      END
    END  # END_OF_CLASS
		CLASS
      NAME 'Medidor de Viento'
      EXPRESSION '60'
      STYLE
        SYMBOL 'medv'
      END
    END  # END_OF_CLASS			
		CLASS
      NAME 'Cabina de Telefono'
      EXPRESSION '70'
      STYLE
        SYMBOL 'cab'
      END
    END  # END_OF_CLASS		
		CLASS
      NAME 'Poste de Electricidad'
      EXPRESSION '80'
      STYLE
        SYMBOL 'poste'
      END
    END  # END_OF_CLASS		
		CLASS
      NAME 'Punto de Control'
      EXPRESSION '90'
      STYLE
        SYMBOL 'vertice'
      END
    END  # END_OF_CLASS					
END   # END OF LAYERFILE
#----------------------------------------------------------- Objetos
#----------------------------------------------------------- Calles
LAYER
  CONNECTIONTYPE postgis 
  NAME 'Calles'
	GROUP 'Vias'
	STATUS ON
	CONNECTION 'user=postgres password=qwert dbname=cat_buenretiro host=localhost'
  DATA 'the_geom from calles USING UNIQUE oid'
  TYPE LINE
	
METADATA
 WMS_SRS 'epsg:32720'
 WMS_TITLE 'Calles'
 WMS_GROUP_TITLE 'Puntos'
 WMS_FEATURE_INFO_MIME_TYPE 'text/html'
END
	
PROJECTION
     	'init=epsg:32720'
END	

CLASSITEM 'id'
	
    CLASS
     NAME 'Nombre de la Calle'
      EXPRESSION '1'
		 STYLE
		   SYMBOL 'linea'
       COLOR -1 -1 -1
	     SIZE 5
	   END
    END  # CLASS
END # end of layer object
#----------------------------------------------------------- Calles
#----------------------------------------------------------- Calles-Anotacion
LAYER
  CONNECTIONTYPE postgis 
  NAME 'Calles_Anot'
	GROUP 'Vias'
	STATUS ON
	CONNECTION 'user=postgres password=qwert dbname=cat_buenretiro host=localhost'
  DATA 'the_geom from calles USING UNIQUE oid'
  TYPE ANNOTATION
METADATA
 WMS_SRS 'epsg:32720'
 WMS_TITLE 'calles_anot'
 WMS_GROUP_TITLE 'Puntos'
 WMS_FEATURE_INFO_MIME_TYPE 'text/html'
END
	
PROJECTION
     	'init=epsg:32720'
END	

CLASSITEM 'id'
LABELITEM 'nombre'
	
    CLASS
     NAME 'Nombre'
     EXPRESSION '0'
      LABEL
       TYPE TRUETYPE
       FONT tahoma
       SIZE 7
       ANGLE AUTO
       COLOR 0 0 0
			 #OUTLINECOLOR 255 0 0
       BUFFER 3
			 OFFSET 0 0
       POSITION cc
       PARTIALS TRUE
			 FORCE TRUE
			 ANTIALIAS TRUE
      END
    END  # CLASS
    CLASS
     NAME 'Nombre_Grande'
     EXPRESSION '2'
      LABEL
       TYPE TRUETYPE
       FONT tahoma
       SIZE 10
       ANGLE AUTO
       COLOR 255 255 255
			 OUTLINECOLOR 0 0 0
       BUFFER 3
			 OFFSET 0 0
       POSITION cc
       PARTIALS TRUE
			 FORCE TRUE
			 ANTIALIAS TRUE
      END
    END  # CLASS	
END # end of layer object
#----------------------------------------------------------- Calles_Anotacion
#----------------------------------------------------------- Flecha Norte
LAYER
    NAME 'n_arrow'
		GROUP 'Manzanos'
    STATUS ON
    TRANSFORM FALSE
    TYPE POINT
		METADATA
      WMS_TITLE 'North Arrow'
			WMS_GROUP_TITLE 'North Arrow'
      WMS_FEATURE_INFO_MIME_TYPE 'text/html'
    END
		
		TRANSPARENCY 1000	
		
    FEATURE
      POINTS 390 30 END
    END
    CLASS
      STYLE
        SYMBOL 'n_arrow'
      END
    END
END
#----------------------------------------------------------- Flecha Norte
END  # MAPFILE>
