MAP 
#
#< Start of map file - created 2011-05-12 - 11:20:41
#
NAME 'CATBR_PREDIO'
STATUS ON

PROJECTION
			'init=epsg:32720'     # UTM 20, Zona 20S, WGS 1984
END

SIZE 1200 1200
EXTENT 423000 8086700 425500 8089200
UNITS  meters
SYMBOLSET 'c:/apache2/cat_br/mapa/symbols/symbset.sym'
FONTSET   'c:/apache2/cat_br/mapa/fonts/fonts.fnt'
IMAGECOLOR 244 255 228

#
# Start of web interface definition
#
WEB
 LOG cat_br.log
 TEMPLATE catbr_predios.html
 IMAGEPATH 'c:/apache2/htdocs/tmp/'
 IMAGEURL 'http://localhost/tmp/'
 EMPTY 'http://localhost/catastro_br/nada.html'
 
 METADATA
  WMS_ONLINERESOURCE 'http://localhost/cgi-bin/mapserv.exe?map=c:/apache2/cat_br/mapa/catbr_predios.map'
  WMS_SRS 'epsg:32720'
  WMS_ACCESSCONSTRAINTS 'none'
  WMS_TITLE 'CAT_PREDIO'
  WMS_FEATURE_INFO_MIME_TYPE 'text/html'
  WMS_ABSTRACT ''
 END  #METADATA

END  #HEADER

OUTPUTFORMAT
  NAME 'png'
	DRIVER 'GDAL/PNG'
	MIMETYPE 'image/png'
	IMAGEMODE RGB
	EXTENSION 'png'
	FORMATOPTION 'QUALITY=100'
END

SYMBOL
   NAME 'circle'
   TYPE ellipse
   FILLED true
   POINTS
     1 1
   END
END

#
# Start of reference map
#
REFERENCE
  STATUS OFF
  IMAGE 'datos/reference.png'
  SIZE 120 120
  EXTENT -70.254 -23.569 -56.844 -8.994
  COLOR -1 -1 -1
  OUTLINECOLOR 255 0 0
END  #REFERENCE

#
# Start of legend
#
LEGEND
  STATUS OFF
  KEYSIZE 16 8
  TEMPLATE 'legend.html'
  LABEL
    COLOR 120 120 120
  END # ENDE LABEL
END   #LEGEND

#
# Start of scalebar
#
SCALEBAR
 STATUS OFF
 POSITION ll
 STYLE 0
 INTERVALS 5
 IMAGECOLOR 255 255 255
 LABEL
  COLOR 0 0 0
  SIZE GIANT  #SMALL
 END  #ENDE LABEL
 #SIZE 150 2
 #SIZE 304 4   #Mapsize 700+700
 Size 600 8    #Mapsize 1400+1400
 TRANSPARENT OFF
 COLOR 0 0 0
 BACKGROUNDCOLOR 255 255 255
 OUTLINECOLOR 100 100 100
 UNITS METERS
END   #SCALEBAR

#
# Start of layer definitions #
#
#----------------------------------------------------------- U.V.s
LAYER
  CONNECTIONTYPE postgis
  NAME 'Unidades Vecinales'
  GROUP 'Manzanos'
	CONNECTION 'user=postgres password=qwert dbname=cat_buenretiro host=localhost'
  DATA 'the_geom from manzanos USING UNIQUE oid'
  STATUS ON
  TYPE Polygon
	TEMPLATE 'query_manzanos.html'
  METADATA
    WMS_SRS 'epsg:32720'
    WMS_TITLE 'Poly'
    WMS_GROUP_TITLE 'Poligono'
    WMS_FEATURE_INFO_MIME_TYPE 'text/html'
  END

PROJECTION
     	'init=epsg:32720'
END

    CLASSITEM 'cod_uv'

      CLASS
       NAME 'UV 1: 24 de Septiembre'
			 EXPRESSION '1'
			 STYLE
			    #SYMBOL 'circle'
          COLOR 192 252 255
          OUTLINECOLOR 0 0 153 #40 40 40
			    SIZE 2
			 END
      END  # CLASS
      
			CLASS
       NAME 'UV 2: Las Mercedes'
			 EXPRESSION '2'
			 STYLE
			    #SYMBOL 'circle'
          COLOR 155 255 155
          OUTLINECOLOR 0 0 153 #40 40 40
			    SIZE 2
			 END
      END  # CLASS
			
			CLASS
       NAME 'UV 3: Los Totaices'
			 EXPRESSION '3'
			 STYLE
			    #SYMBOL 'circle'
          COLOR 193 193 193
          OUTLINECOLOR 0 0 153 #40 40 40
			    SIZE 2
			 END
			END  # CLASS	 
			 
			CLASS
       NAME 'UV 4: 1ro de Mayo'
			 EXPRESSION '4'
			 STYLE
			    #SYMBOL 'circle'
          COLOR 230 230 203
          OUTLINECOLOR 0 0 153 #40 40 40
			    SIZE 2
			 END		 
      END  # CLASS		
			
		  CLASS
       NAME 'UV 5: San Jose'
			 EXPRESSION '5'
			 STYLE
			    #SYMBOL 'circle'
          COLOR 255 249 165
          OUTLINECOLOR 0 0 153 #40 40 40
			    SIZE 2
			 END
			END  # CLASS	
			
			  CLASS
       NAME 'UV 6: El Carmen'
			 EXPRESSION '6'
			 STYLE
			    #SYMBOL 'circle'
          COLOR 255 199 174
          OUTLINECOLOR 0 0 153 #40 40 40
			    SIZE 2
			 END
			END  # CLASS	
			
		  CLASS
       NAME 'UV 7: Barrio Nuevo'
			 EXPRESSION '7'
			 STYLE
			    #SYMBOL 'circle'
          COLOR 183 223 134
          OUTLINECOLOR 0 0 153 #40 40 40
			    SIZE 2
			 END
			END  # CLASS	
			
		  CLASS
       NAME 'UV 8: Maria Auxiliadora'
			 EXPRESSION '8'
			 STYLE
			    #SYMBOL 'circle'
          COLOR 156 157 220
          OUTLINECOLOR 0 0 153 #40 40 40
			    SIZE 2
			 END
			END  # CLASS									
			 	 											
		  CLASS
			 EXPRESSION /./
			 STYLE
			    #SYMBOL 'circle'
          COLOR 255 255 215
          OUTLINECOLOR 0 0 153 #40 40 40
			    SIZE 2
			 END
			END  # CLASS	
			 
END  # END OF LAYERFILE		
#----------------------------------------------------------- U.V.s
#----------------------------------------------------------- Manzano-Anotation
LAYER  # START OF ANNOTATION LAYERFILE
  CONNECTIONTYPE postgis
  NAME 'manzanos'
	GROUP 'Manzanos'
	CONNECTION 'user=postgres password=qwert dbname=cat_buenretiro host=localhost'
  DATA 'the_geom from manzanos USING UNIQUE oid'
  STATUS ON
  TYPE ANNOTATION
METADATA
 WMS_SRS 'epsg:32720'
 WMS_TITLE 'poly_anot'
 WMS_GROUP_TITLE 'Poligono'
 WMS_FEATURE_INFO_MIME_TYPE 'text/html'
END

 MINSCALE 100
 MAXSCALE 10000

PROJECTION
     	'init=epsg:32720'			
END

  CLASSITEM 'cod_man'
  LABELITEM 'cod_man'		 
		CLASS
     NAME 'Predios'
     EXPRESSION /./
      LABEL
       TYPE TRUETYPE
       FONT arial
       SIZE 13
       ANGLE 0
       COLOR 100 100 100
       BUFFER 0
			 OFFSET 1 1
       #BACKGROUNDCOLOR 0 0 0
			 # OUTLINECOLOR 0 0 0
       POSITION cc
       PARTIALS TRUE
			 FORCE TRUE
			 ANTIALIAS TRUE
      END
     END  # CLASS
		 
END  # END OF LAYERFILE
#----------------------------------------------------------- Manzano-Anotation
#----------------------------------------------------------- Predio-Outline
LAYER
  CONNECTIONTYPE postgis
  NAME 'predios'
	GROUP 'Predios'
	CONNECTION 'user=postgres password=qwert dbname=cat_buenretiro host=localhost'
  DATA 'the_geom from predios_ocha USING UNIQUE oid'	
  TYPE Polygon
METADATA
 WMS_SRS 'epsg:32720'
 WMS_TITLE 'Predios'
 WMS_GROUP_TITLE 'Predios'
 WMS_FEATURE_INFO_MIME_TYPE 'text/html'
END
	
PROJECTION
     	'init=epsg:32720'
END	

 CLASSITEM 'activo'
	CLASS 
    NAME 'Delimitación'
		EXPRESSION '1'              
		STYLE
		  SYMBOL 'circle'
      COLOR -1 -1 -1
      OUTLINECOLOR 0 0 153 #40 40 40			
	    SIZE 2
	  END
	END # end_of_class
END # end of layer object
#----------------------------------------------------------- Predio-Outline
#----------------------------------------------------------- Predio-Seleccionado
LAYER
  CONNECTIONTYPE postgis
  NAME 'predio_select'
	GROUP 'Predios'
	CONNECTION 'user=postgres password=qwert dbname=cat_buenretiro host=localhost'
  DATA 'the_geom from temp_poly USING UNIQUE oid'	
  TYPE Polygon
METADATA
 WMS_SRS 'epsg:32720'
 WMS_TITLE 'Predio_Select'
 WMS_GROUP_TITLE 'Predios'
 WMS_FEATURE_INFO_MIME_TYPE 'text/html'
END
	
PROJECTION
     	'init=epsg:32720'
END	

 CLASSITEM 'number'
	CLASS 
    NAME 'Delimitación' 
		EXPRESSION (('[number]' == '55') AND ('[user_id]' == 'AAA'))            
		STYLE
		  SYMBOL 'circle'
      COLOR -1 -1 -1
      OUTLINECOLOR 255 0 0 #40 40 40			
	    SIZE 4
	  END
	END # end_of_class
END # end of layer object
#----------------------------------------------------------- Predio-Seleccionado
#----------------------------------------------------------- Predio-Anotación
LAYER
  CONNECTIONTYPE postgis
  NAME 'predios_anot'
	GROUP 'Predios'
	CONNECTION 'user=postgres password=qwert dbname=cat_buenretiro host=localhost'
  DATA 'the_geom from predios USING UNIQUE oid'	
  STATUS ON
  TYPE ANNOTATION
METADATA
  WMS_SRS 'epsg:32720'
  WMS_TITLE 'Predios_Anot'
  WMS_GROUP_TITLE 'Predios'
  WMS_FEATURE_INFO_MIME_TYPE 'text/html'
END

PROJECTION
     	'init=epsg:32720'
END


	CLASSITEM 'activo'
	LABELITEM 'cod_cat'

      CLASS
			NAME 'Código Catastral'
      EXPRESSION '1'
         LABEL
           TYPE TRUETYPE
           FONT bluehigh
           SIZE 10
           ANGLE 0
           COLOR 0 0 153 #40 40 40
           BUFFER 10
           POSITION cc
           PARTIALS FALSE
			     FORCE TRUE
         END
      END
END  # END OF LAYERFILE
#----------------------------------------------------------- Predios-Anotación
#----------------------------------------------------------- Edificaciones
LAYER
  CONNECTIONTYPE postgis
  NAME 'edificaciones'
	GROUP 'Predios'
	CONNECTION 'user=postgres password=qwert dbname=cat_buenretiro host=localhost'
  DATA 'the_geom from edificaciones USING UNIQUE oid'	
  STATUS ON
  TYPE Polygon
METADATA
 'WMS_SRS' 'epsg:32720'
 WMS_TITLE 'Edificaciones'
 WMS_GROUP_TITLE 'Predios'
 WMS_FEATURE_INFO_MIME_TYPE 'text/html'
END

PROJECTION
     	'init=epsg:32720'
END

  CLASSITEM 'cod_cat'

      CLASS
       NAME 'Edificaciones'
			 STYLE
			    SYMBOL 'circle'
          COLOR -1 -1 -1
          OUTLINECOLOR 153 153 153 #40 40 40
			    SIZE 1
			 END
      END  # CLASS

END  # END OF LAYERFILE
#----------------------------------------------------------- Edificaciones
#----------------------------------------------------------- Edificaciones-Seleccionadas
LAYER
  CONNECTIONTYPE postgis
  NAME 'edif_select'
	GROUP 'Predios'
	CONNECTION 'user=postgres password=qwert dbname=cat_buenretiro host=localhost'
  DATA 'the_geom from temp_poly USING UNIQUE oid'	
  TYPE Polygon
METADATA
 WMS_SRS 'epsg:32720'
 WMS_TITLE 'Edif_Select'
 WMS_GROUP_TITLE 'Predios'
 WMS_FEATURE_INFO_MIME_TYPE 'text/html'
END
	
PROJECTION
     	'init=epsg:32720'
END	

 CLASSITEM 'number'
	CLASS 
    NAME 'Delimitación' 
		EXPRESSION (('[number]' == '44') AND ('[user_id]' == 'AAA'))             
		STYLE
		  SYMBOL 'circle'
      COLOR -1 -1 -1
      OUTLINECOLOR 0 0 255 #40 40 40			
	    SIZE 2
	  END
	END # end_of_class
END # end of layer object
#----------------------------------------------------------- Edificaciones-Seleccionadas
#----------------------------------------------------------- Edificaciones-Seleccionadas-Anotación
LAYER
  CONNECTIONTYPE postgis
  NAME 'edificiones'
	GROUP 'Predios'
	CONNECTION 'user=postgres password=qwert dbname=cat_buenretiro host=localhost'
  DATA 'the_geom from temp_poly USING UNIQUE oid'	
  STATUS ON
  TYPE ANNOTATION
METADATA
 'WMS_SRS' 'epsg:32720'
 WMS_TITLE 'Edificaciones'
 WMS_GROUP_TITLE 'Predios'
 WMS_FEATURE_INFO_MIME_TYPE 'text/html'
END

PROJECTION
     	'init=epsg:32720'
END

	CLASSITEM 'number'
	LABELITEM 'edi_num'

      CLASS
			NAME 'No. de Edificación'
      EXPRESSION (('[number]' == '44') AND ('[user_id]' == 'AAA'))
         LABEL
           TYPE TRUETYPE
           FONT bluehigh
           SIZE 10
           ANGLE 0
           COLOR 0 0 200 #40 40 40
           BUFFER -1
           POSITION cc
           PARTIALS FALSE
			     FORCE TRUE
         END
      END
END  # END OF LAYERFILE
#----------------------------------------------------------- Edificaciones-Seleccionadas-Anotación
#----------------------------------------------------------- Calles
LAYER
  CONNECTIONTYPE postgis 
  NAME 'Calles'
	GROUP 'Calles'
	STATUS ON
	CONNECTION 'user=postgres password=qwert dbname=cat_buenretiro host=localhost'
  DATA 'the_geom from temp_line USING UNIQUE oid'
  TYPE LINE
	
METADATA
 WMS_SRS 'epsg:32720'
 WMS_TITLE 'Calles'
 WMS_GROUP_TITLE 'Calles'
 WMS_FEATURE_INFO_MIME_TYPE 'text/html'
END
	
PROJECTION
     	'init=epsg:32720'
#      	'init=epsg:4326'
END	

CLASSITEM 'id'
	
    CLASS
     NAME 'Calle'
      EXPRESSION (('[id]' == '1') AND ('[user_id]' == 'AAA'))
		 STYLE
		   SYMBOL 'linea'
       COLOR -1 -1 -1
	     SIZE 5
	   END
    END  # CLASS
    CLASS
     NAME 'Calle_Grande'
     EXPRESSION (('[id]' == '2') AND ('[user_id]' == 'AAA'))
		 STYLE
		   SYMBOL 'linea'
       COLOR -1 -1 -1
	     SIZE 2
	   END
    END  # CLASS	
END # end of layer object
#----------------------------------------------------------- Calles
#----------------------------------------------------------- Calles-Anotacion
LAYER
  CONNECTIONTYPE postgis 
  NAME 'Calles_Anot'
	GROUP 'Calles'
	STATUS ON
	CONNECTION 'user=postgres password=qwert dbname=cat_buenretiro host=localhost'
  DATA 'the_geom from temp_line USING UNIQUE oid'
  TYPE ANNOTATION
METADATA
 WMS_SRS 'epsg:32720'
 WMS_TITLE 'calles_anot'
 WMS_GROUP_TITLE 'Calles'
 WMS_FEATURE_INFO_MIME_TYPE 'text/html'
END
	
PROJECTION
     	'init=epsg:32720'
END	

CLASSITEM 'id'
LABELITEM 'nombre'
	
    CLASS
     NAME 'Nombre'
     EXPRESSION (('[id]' == '1') AND ('[user_id]' == 'AAA'))
      LABEL
       TYPE TRUETYPE
       FONT tahoma
       SIZE 8
       ANGLE AUTO
       COLOR 0 0 0
			 #OUTLINECOLOR 255 0 0
       BUFFER 3
			 OFFSET 0 0
       POSITION cc
       PARTIALS TRUE
			 FORCE TRUE
			 ANTIALIAS TRUE
      END
    END  # CLASS
    CLASS
     NAME 'Nombre_Grande'
     EXPRESSION (('[id]' == '2') AND ('[user_id]' == 'AAA'))
      LABEL
       TYPE TRUETYPE
       FONT tahoma
       SIZE 10
       ANGLE AUTO
       COLOR 255 255 255
			 OUTLINECOLOR 0 0 0
       BUFFER 3
			 OFFSET 0 0
       POSITION cc
       PARTIALS TRUE
			 FORCE TRUE
			 ANTIALIAS TRUE
      END
    END  # CLASS	
END # end of layer object
#----------------------------------------------------------- Calles_Anotacion

END  # MAPFILE
